// Jest Snapshot v1, https://goo.gl/fbAQLP

exports[`[client.ts] unit tests [stack] must create an S3 bucket 1`] = `
Object {
  "Parameters": Object {
    "BucketName": Object {
      "Description": "TBC",
      "Type": "String",
    },
    "Environment": Object {
      "AllowedValues": Array [
        "dev",
        "ci",
        "stg",
        "prod",
      ],
      "Description": "TBC",
      "Type": "String",
    },
    "ServiceCode": Object {
      "Description": "TBC",
      "Type": "String",
    },
    "ServiceName": Object {
      "Description": "TBC",
      "Type": "String",
    },
    "ServiceOwner": Object {
      "Description": "TBC",
      "Type": "String",
    },
  },
  "Resources": Object {
    "WebsiteBucket75C24D94": Object {
      "DeletionPolicy": "Delete",
      "Properties": Object {
        "BucketName": Object {
          "Ref": "BucketName",
        },
        "CorsConfiguration": Object {
          "CorsRules": Array [
            Object {
              "AllowedMethods": Array [
                "GET",
              ],
              "AllowedOrigins": Array [
                "*",
              ],
            },
          ],
        },
        "Tags": Array [
          Object {
            "Key": "Environment",
            "Value": Object {
              "Ref": "Environment",
            },
          },
          Object {
            "Key": "ServiceCode",
            "Value": Object {
              "Ref": "ServiceCode",
            },
          },
          Object {
            "Key": "ServiceName",
            "Value": Object {
              "Ref": "ServiceName",
            },
          },
          Object {
            "Key": "ServiceOwner",
            "Value": Object {
              "Ref": "ServiceOwner",
            },
          },
        ],
        "WebsiteConfiguration": Object {
          "ErrorDocument": "error.html",
          "IndexDocument": "index.html",
        },
      },
      "Type": "AWS::S3::Bucket",
      "UpdateReplacePolicy": "Delete",
    },
    "WebsiteBucketPolicyE10E3262": Object {
      "Properties": Object {
        "Bucket": Object {
          "Ref": "WebsiteBucket75C24D94",
        },
        "PolicyDocument": Object {
          "Statement": Array [
            Object {
              "Action": "s3:GetObject",
              "Effect": "Allow",
              "Principal": "*",
              "Resource": Object {
                "Fn::Join": Array [
                  "",
                  Array [
                    Object {
                      "Fn::GetAtt": Array [
                        "WebsiteBucket75C24D94",
                        "Arn",
                      ],
                    },
                    "/*",
                  ],
                ],
              },
            },
          ],
          "Version": "2012-10-17",
        },
      },
      "Type": "AWS::S3::BucketPolicy",
    },
  },
}
`;
